com\example\paintmanagement\controllers\OrderController.class
com\example\paintmanagement\entity\CartItem.class
com\example\paintmanagement\repository\ProductRepository.class
com\example\paintmanagement\repository\RoleRepository.class
com\example\paintmanagement\service\UserService.class
com\example\paintmanagement\service\OrderService.class
com\example\paintmanagement\config\CustomLoginSuccessHandler.class
com\example\paintmanagement\config\DataInitializer.class
com\example\paintmanagement\service\ProductServiceImpl.class
com\example\paintmanagement\service\RoleServiceImpl.class
com\example\paintmanagement\dto\RegisterRequest.class
com\example\paintmanagement\entity\Role.class
com\example\paintmanagement\controllers\AuthController.class
com\example\paintmanagement\repository\CartItemRepository.class
com\example\paintmanagement\entity\Order.class
com\example\paintmanagement\controllers\AdminController.class
com\example\paintmanagement\config\FormatterConfig.class
com\example\paintmanagement\service\CartService.class
com\example\paintmanagement\service\CustomUserDetailsService.class
com\example\paintmanagement\controllers\ProductController.class
com\example\paintmanagement\service\CategoryService.class
com\example\paintmanagement\repository\UserRepository.class
com\example\paintmanagement\entity\Product.class
com\example\paintmanagement\repository\OrderRepository.class
com\example\paintmanagement\service\ProductService.class
com\example\paintmanagement\PaintmanagementApplication.class
com\example\paintmanagement\repository\OrderItemRepository.class
com\example\paintmanagement\entity\User.class
com\example\paintmanagement\entity\OrderItem.class
com\example\paintmanagement\dto\LoginRequest.class
com\example\paintmanagement\controllers\AuthRestController.class
com\example\paintmanagement\service\CategoryServiceImpl.class
com\example\paintmanagement\controllers\CartController.class
com\example\paintmanagement\service\OrderServiceImpl.class
com\example\paintmanagement\entity\Category.class
com\example\paintmanagement\repository\CategoryRepository.class
com\example\paintmanagement\service\CartServiceImpl.class
com\example\paintmanagement\service\UserServiceImpl.class
com\example\paintmanagement\config\WebSecurityConfig.class
com\example\paintmanagement\service\RoleService.class
com\example\paintmanagement\controllers\HomeController.class
