D:\dowloadclone\paintshop\src\main\java\com\example\paintmanagement\config\CustomLoginSuccessHandler.java
D:\dowloadclone\paintshop\src\main\java\com\example\paintmanagement\config\DataInitializer.java
D:\dowloadclone\paintshop\src\main\java\com\example\paintmanagement\config\FormatterConfig.java
D:\dowloadclone\paintshop\src\main\java\com\example\paintmanagement\config\WebSecurityConfig.java
D:\dowloadclone\paintshop\src\main\java\com\example\paintmanagement\controllers\AdminController.java
D:\dowloadclone\paintshop\src\main\java\com\example\paintmanagement\controllers\AuthController.java
D:\dowloadclone\paintshop\src\main\java\com\example\paintmanagement\controllers\AuthRestController.java
D:\dowloadclone\paintshop\src\main\java\com\example\paintmanagement\controllers\CartController.java
D:\dowloadclone\paintshop\src\main\java\com\example\paintmanagement\controllers\HomeController.java
D:\dowloadclone\paintshop\src\main\java\com\example\paintmanagement\controllers\OrderController.java
D:\dowloadclone\paintshop\src\main\java\com\example\paintmanagement\controllers\ProductController.java
D:\dowloadclone\paintshop\src\main\java\com\example\paintmanagement\dto\LoginRequest.java
D:\dowloadclone\paintshop\src\main\java\com\example\paintmanagement\dto\RegisterRequest.java
D:\dowloadclone\paintshop\src\main\java\com\example\paintmanagement\entity\CartItem.java
D:\dowloadclone\paintshop\src\main\java\com\example\paintmanagement\entity\Category.java
D:\dowloadclone\paintshop\src\main\java\com\example\paintmanagement\entity\Order.java
D:\dowloadclone\paintshop\src\main\java\com\example\paintmanagement\entity\OrderItem.java
D:\dowloadclone\paintshop\src\main\java\com\example\paintmanagement\entity\Product.java
D:\dowloadclone\paintshop\src\main\java\com\example\paintmanagement\entity\Role.java
D:\dowloadclone\paintshop\src\main\java\com\example\paintmanagement\entity\User.java
D:\dowloadclone\paintshop\src\main\java\com\example\paintmanagement\PaintmanagementApplication.java
D:\dowloadclone\paintshop\src\main\java\com\example\paintmanagement\repository\CartItemRepository.java
D:\dowloadclone\paintshop\src\main\java\com\example\paintmanagement\repository\CategoryRepository.java
D:\dowloadclone\paintshop\src\main\java\com\example\paintmanagement\repository\OrderItemRepository.java
D:\dowloadclone\paintshop\src\main\java\com\example\paintmanagement\repository\OrderRepository.java
D:\dowloadclone\paintshop\src\main\java\com\example\paintmanagement\repository\ProductRepository.java
D:\dowloadclone\paintshop\src\main\java\com\example\paintmanagement\repository\RoleRepository.java
D:\dowloadclone\paintshop\src\main\java\com\example\paintmanagement\repository\UserRepository.java
D:\dowloadclone\paintshop\src\main\java\com\example\paintmanagement\service\CartService.java
D:\dowloadclone\paintshop\src\main\java\com\example\paintmanagement\service\CartServiceImpl.java
D:\dowloadclone\paintshop\src\main\java\com\example\paintmanagement\service\CategoryService.java
D:\dowloadclone\paintshop\src\main\java\com\example\paintmanagement\service\CategoryServiceImpl.java
D:\dowloadclone\paintshop\src\main\java\com\example\paintmanagement\service\CustomUserDetailsService.java
D:\dowloadclone\paintshop\src\main\java\com\example\paintmanagement\service\OrderService.java
D:\dowloadclone\paintshop\src\main\java\com\example\paintmanagement\service\OrderServiceImpl.java
D:\dowloadclone\paintshop\src\main\java\com\example\paintmanagement\service\ProductService.java
D:\dowloadclone\paintshop\src\main\java\com\example\paintmanagement\service\ProductServiceImpl.java
D:\dowloadclone\paintshop\src\main\java\com\example\paintmanagement\service\RoleService.java
D:\dowloadclone\paintshop\src\main\java\com\example\paintmanagement\service\RoleServiceImpl.java
D:\dowloadclone\paintshop\src\main\java\com\example\paintmanagement\service\UserService.java
D:\dowloadclone\paintshop\src\main\java\com\example\paintmanagement\service\UserServiceImpl.java
